Created a log file for my app reposatery
